Archive member included to satisfy reference by file (symbol)

d:/mounriver/mounriver_studio/toolchain/risc-v embedded gcc/bin/../lib/gcc/riscv-none-embed/8.2.0/rv32imacxw/ilp32\libgcc.a(save-restore.o)
                              ./User/main.o (__riscv_save_10)
d:/mounriver/mounriver_studio/toolchain/risc-v embedded gcc/bin/../lib/gcc/riscv-none-embed/8.2.0/../../../../riscv-none-embed/lib/rv32imacxw/ilp32\libg_nano.a(lib_a-memcpy.o)
                              ./FreeRTOS/queue.o (memcpy)
d:/mounriver/mounriver_studio/toolchain/risc-v embedded gcc/bin/../lib/gcc/riscv-none-embed/8.2.0/../../../../riscv-none-embed/lib/rv32imacxw/ilp32\libg_nano.a(lib_a-memset.o)
                              ./User/can.o (memset)
d:/mounriver/mounriver_studio/toolchain/risc-v embedded gcc/bin/../lib/gcc/riscv-none-embed/8.2.0/../../../../riscv-none-embed/lib/rv32imacxw/ilp32\libg_nano.a(lib_a-printf.o)
                              ./User/ch32v30x_it.o (printf)
d:/mounriver/mounriver_studio/toolchain/risc-v embedded gcc/bin/../lib/gcc/riscv-none-embed/8.2.0/../../../../riscv-none-embed/lib/rv32imacxw/ilp32\libg_nano.a(lib_a-puts.o)
                              ./User/key_func.o (puts)
d:/mounriver/mounriver_studio/toolchain/risc-v embedded gcc/bin/../lib/gcc/riscv-none-embed/8.2.0/../../../../riscv-none-embed/lib/rv32imacxw/ilp32\libg_nano.a(lib_a-strlen.o)
                              ./FreeRTOS/tasks.o (strlen)
d:/mounriver/mounriver_studio/toolchain/risc-v embedded gcc/bin/../lib/gcc/riscv-none-embed/8.2.0/../../../../riscv-none-embed/lib/rv32imacxw/ilp32\libg_nano.a(lib_a-wbuf.o)
                              d:/mounriver/mounriver_studio/toolchain/risc-v embedded gcc/bin/../lib/gcc/riscv-none-embed/8.2.0/../../../../riscv-none-embed/lib/rv32imacxw/ilp32\libg_nano.a(lib_a-puts.o) (__swbuf_r)
d:/mounriver/mounriver_studio/toolchain/risc-v embedded gcc/bin/../lib/gcc/riscv-none-embed/8.2.0/../../../../riscv-none-embed/lib/rv32imacxw/ilp32\libg_nano.a(lib_a-wsetup.o)
                              d:/mounriver/mounriver_studio/toolchain/risc-v embedded gcc/bin/../lib/gcc/riscv-none-embed/8.2.0/../../../../riscv-none-embed/lib/rv32imacxw/ilp32\libg_nano.a(lib_a-puts.o) (__swsetup_r)
d:/mounriver/mounriver_studio/toolchain/risc-v embedded gcc/bin/../lib/gcc/riscv-none-embed/8.2.0/../../../../riscv-none-embed/lib/rv32imacxw/ilp32\libg_nano.a(lib_a-fflush.o)
                              d:/mounriver/mounriver_studio/toolchain/risc-v embedded gcc/bin/../lib/gcc/riscv-none-embed/8.2.0/../../../../riscv-none-embed/lib/rv32imacxw/ilp32\libg_nano.a(lib_a-wbuf.o) (_fflush_r)
d:/mounriver/mounriver_studio/toolchain/risc-v embedded gcc/bin/../lib/gcc/riscv-none-embed/8.2.0/../../../../riscv-none-embed/lib/rv32imacxw/ilp32\libg_nano.a(lib_a-findfp.o)
                              d:/mounriver/mounriver_studio/toolchain/risc-v embedded gcc/bin/../lib/gcc/riscv-none-embed/8.2.0/../../../../riscv-none-embed/lib/rv32imacxw/ilp32\libg_nano.a(lib_a-printf.o) (__sinit)
d:/mounriver/mounriver_studio/toolchain/risc-v embedded gcc/bin/../lib/gcc/riscv-none-embed/8.2.0/../../../../riscv-none-embed/lib/rv32imacxw/ilp32\libg_nano.a(lib_a-fwalk.o)
                              d:/mounriver/mounriver_studio/toolchain/risc-v embedded gcc/bin/../lib/gcc/riscv-none-embed/8.2.0/../../../../riscv-none-embed/lib/rv32imacxw/ilp32\libg_nano.a(lib_a-findfp.o) (_fwalk)
d:/mounriver/mounriver_studio/toolchain/risc-v embedded gcc/bin/../lib/gcc/riscv-none-embed/8.2.0/../../../../riscv-none-embed/lib/rv32imacxw/ilp32\libg_nano.a(lib_a-impure.o)
                              d:/mounriver/mounriver_studio/toolchain/risc-v embedded gcc/bin/../lib/gcc/riscv-none-embed/8.2.0/../../../../riscv-none-embed/lib/rv32imacxw/ilp32\libg_nano.a(lib_a-fflush.o) (_global_impure_ptr)
d:/mounriver/mounriver_studio/toolchain/risc-v embedded gcc/bin/../lib/gcc/riscv-none-embed/8.2.0/../../../../riscv-none-embed/lib/rv32imacxw/ilp32\libg_nano.a(lib_a-makebuf.o)
                              d:/mounriver/mounriver_studio/toolchain/risc-v embedded gcc/bin/../lib/gcc/riscv-none-embed/8.2.0/../../../../riscv-none-embed/lib/rv32imacxw/ilp32\libg_nano.a(lib_a-wsetup.o) (__smakebuf_r)
d:/mounriver/mounriver_studio/toolchain/risc-v embedded gcc/bin/../lib/gcc/riscv-none-embed/8.2.0/../../../../riscv-none-embed/lib/rv32imacxw/ilp32\libg_nano.a(lib_a-nano-freer.o)
                              d:/mounriver/mounriver_studio/toolchain/risc-v embedded gcc/bin/../lib/gcc/riscv-none-embed/8.2.0/../../../../riscv-none-embed/lib/rv32imacxw/ilp32\libg_nano.a(lib_a-wsetup.o) (_free_r)
d:/mounriver/mounriver_studio/toolchain/risc-v embedded gcc/bin/../lib/gcc/riscv-none-embed/8.2.0/../../../../riscv-none-embed/lib/rv32imacxw/ilp32\libg_nano.a(lib_a-nano-mallocr.o)
                              d:/mounriver/mounriver_studio/toolchain/risc-v embedded gcc/bin/../lib/gcc/riscv-none-embed/8.2.0/../../../../riscv-none-embed/lib/rv32imacxw/ilp32\libg_nano.a(lib_a-findfp.o) (_malloc_r)
[...]
Memory Configuration

Name             Origin             Length             Attributes
FLASH            0x0000000000000000 0x0000000000048000 xr
RAM              0x0000000020000000 0x0000000000008000 xrw
*default*        0x0000000000000000 0xffffffffffffffff

Linker script and memory map

LOAD ./User/can.o
LOAD ./User/ch32v30x_it.o
LOAD ./User/gpio.o
LOAD ./User/key_func.o
LOAD ./User/leddrive.o
LOAD ./User/main.o
LOAD ./User/system_ch32v30x.o
LOAD ./User/uart.o
LOAD ./Startup/startup_ch32v30x_D8C.o
LOAD ./Peripheral/src/ch32v30x_adc.o
LOAD ./Peripheral/src/ch32v30x_bkp.o
LOAD ./Peripheral/src/ch32v30x_can.o
LOAD ./Peripheral/src/ch32v30x_crc.o
LOAD ./Peripheral/src/ch32v30x_dac.o
LOAD ./Peripheral/src/ch32v30x_dbgmcu.o
LOAD ./Peripheral/src/ch32v30x_dma.o
LOAD ./Peripheral/src/ch32v30x_dvp.o
LOAD ./Peripheral/src/ch32v30x_eth.o
LOAD ./Peripheral/src/ch32v30x_exti.o
LOAD ./Peripheral/src/ch32v30x_flash.o
LOAD ./Peripheral/src/ch32v30x_fsmc.o
LOAD ./Peripheral/src/ch32v30x_gpio.o
LOAD ./Peripheral/src/ch32v30x_i2c.o
LOAD ./Peripheral/src/ch32v30x_iwdg.o
LOAD ./Peripheral/src/ch32v30x_misc.o
LOAD ./Peripheral/src/ch32v30x_opa.o
LOAD ./Peripheral/src/ch32v30x_pwr.o
LOAD ./Peripheral/src/ch32v30x_rcc.o
LOAD ./Peripheral/src/ch32v30x_rng.o
LOAD ./Peripheral/src/ch32v30x_rtc.o
LOAD ./Peripheral/src/ch32v30x_sdio.o
LOAD ./Peripheral/src/ch32v30x_spi.o
LOAD ./Peripheral/src/ch32v30x_tim.o
LOAD ./Peripheral/src/ch32v30x_usart.o
LOAD ./Peripheral/src/ch32v30x_wwdg.o
LOAD ./FreeRTOS/portable/MemMang/heap_4.o
LOAD ./FreeRTOS/portable/GCC/RISC-V/port.o
LOAD ./FreeRTOS/portable/GCC/RISC-V/portASM.o
LOAD ./FreeRTOS/croutine.o
LOAD ./FreeRTOS/event_groups.o
LOAD ./FreeRTOS/list.o
LOAD ./FreeRTOS/queue.o
LOAD ./FreeRTOS/stream_buffer.o
LOAD ./FreeRTOS/tasks.o
LOAD ./FreeRTOS/timers.o
LOAD ./Debug/debug.o
LOAD ./Core/core_riscv.o
LOAD d:/mounriver/mounriver_studio/toolchain/risc-v embedded gcc/bin/../lib/gcc/riscv-none-embed/8.2.0/../../../../riscv-none-embed/lib/rv32imacxw/ilp32\libm.a
LOAD d:/mounriver/mounriver_studio/toolchain/risc-v embedded gcc/bin/../lib/gcc/riscv-none-embed/8.2.0/rv32imacxw/ilp32\libgcc.a
LOAD d:/mounriver/mounriver_studio/toolchain/risc-v embedded gcc/bin/../lib/gcc/riscv-none-embed/8.2.0/../../../../riscv-none-embed/lib/rv32imacxw/ilp32\libg_nano.a
LOAD d:/mounriver/mounriver_studio/toolchain/risc-v embedded gcc/bin/../lib/gcc/riscv-none-embed/8.2.0/../../../../riscv-none-embed/lib/rv32imacxw/ilp32\libc_nano.a
LOAD d:/mounriver/mounriver_studio/toolchain/risc-v embedded gcc/bin/../lib/gcc/riscv-none-embed/8.2.0/rv32imacxw/ilp32\libgcc.a
START GROUP
LOAD d:/mounriver/mounriver_studio/toolchain/risc-v embedded gcc/bin/../lib/gcc/riscv-none-embed/8.2.0/rv32imacxw/ilp32\libgcc.a
LOAD d:/mounriver/mounriver_studio/toolchain/risc-v embedded gcc/bin/../lib/gcc/riscv-none-embed/8.2.0/../../../../riscv-none-embed/lib/rv32imacxw/ilp32\libc_nano.a
LOAD d:/mounriver/mounriver_studio/toolchain/risc-v embedded gcc/bin/../lib/gcc/riscv-none-embed/8.2.0/../../../../riscv-none-embed/lib/rv32imacxw/ilp32\libnosys.a
END GROUP
START GROUP
LOAD d:/mounriver/mounriver_studio/toolchain/risc-v embedded gcc/bin/../lib/gcc/riscv-none-embed/8.2.0/rv32imacxw/ilp32\libgcc.a
LOAD d:/mounriver/mounriver_studio/toolchain/risc-v embedded gcc/bin/../lib/gcc/riscv-none-embed/8.2.0/../../../../riscv-none-embed/lib/rv32imacxw/ilp32\libc_nano.a
LOAD d:/mounriver/mounriver_studio/toolchain/risc-v embedded gcc/bin/../lib/gcc/riscv-none-embed/8.2.0/../../../../riscv-none-embed/lib/rv32imacxw/ilp32\libnosys.a
END GROUP
                0x0000000000000800                __stack_size = 0x800
                [!provide]                        PROVIDE (_stack_size = __stack_size)

.init           0x0000000000000000       0x38
                0x0000000000000000                _sinit = .
                0x0000000000000000                . = ALIGN (0x4)
 *(SORT_NONE(.init))
 .init          0x0000000000000000       0x38 ./Startup/startup_ch32v30x_D8C.o
                0x0000000000000000                _start
                0x0000000000000038                . = ALIGN (0x4)
                0x0000000000000038                _einit = .

.vector         0x0000000000000038      0x1c8
 *(.vector)
 .vector        0x0000000000000038      0x1a0 ./Startup/startup_ch32v30x_D8C.o
                0x0000000000000200                . = ALIGN (0x40)
 *fill*         0x00000000000001d8       0x28 

.text           0x0000000000000200     0x4030
                0x0000000000000200                . = ALIGN (0x4)
 *(.text)
 .text          0x0000000000000200      0x2e6 ./FreeRTOS/portable/GCC/RISC-V/portASM.o
                0x0000000000000200                SW_Handler
                0x0000000000000300                xPortStartFirstTask
                0x0000000000000400                pxPortInitialiseStack
 .text          0x00000000000004e6       0x60 d:/mounriver/mounriver_studio/toolchain/risc-v embedded gcc/bin/../lib/gcc/riscv-none-embed/8.2.0/rv32imacxw/ilp32\libgcc.a(save-restore.o)
                0x00000000000004e6                __riscv_save_12
                0x00000000000004ee                __riscv_save_9
                0x00000000000004ee                __riscv_save_11
                0x00000000000004ee                __riscv_save_10
                0x00000000000004ee                __riscv_save_8
                0x00000000000004fc                __riscv_save_4
                0x00000000000004fc                __riscv_save_6
                0x00000000000004fc                __riscv_save_5
                0x00000000000004fc                __riscv_save_7
                0x0000000000000516                __riscv_save_3
                0x0000000000000516                __riscv_save_2
                0x0000000000000516                __riscv_save_1
                0x0000000000000516                __riscv_save_0
                0x0000000000000522                __riscv_restore_12
                0x0000000000000526                __riscv_restore_11
                0x0000000000000526                __riscv_restore_9
                0x0000000000000526                __riscv_restore_10
                0x0000000000000526                __riscv_restore_8
                0x0000000000000530                __riscv_restore_5
                0x0000000000000530                __riscv_restore_7
                0x0000000000000530                __riscv_restore_6
                0x0000000000000530                __riscv_restore_4
                0x000000000000053a                __riscv_restore_3
                0x000000000000053a                __riscv_restore_0
                0x000000000000053a                __riscv_restore_2
                0x000000000000053a                __riscv_restore_1
 .text          0x0000000000000546       0xa8 d:/mounriver/mounriver_studio/toolchain/risc-v embedded gcc/bin/../lib/gcc/riscv-none-embed/8.2.0/../../../../riscv-none-embed/lib/rv32imacxw/ilp32\libg_nano.a(lib_a-memset.o)
                0x0000000000000546                memset
 *(.text.*)
 .text.CAN_Send_Msg
                0x00000000000005ee       0x9c ./User/can.o
                0x00000000000005ee                CAN_Send_Msg
 .text.NMI_Handler
                0x000000000000068a        0x4 ./User/ch32v30x_it.o
                0x000000000000068a                NMI_Handler
 .text.HardFault_Handler
                0x000000000000068e        0x2 ./User/ch32v30x_it.o
                0x000000000000068e                HardFault_Handler
 .text.USART1_IRQHandler
                0x0000000000000690       0x86 ./User/ch32v30x_it.o
                0x0000000000000690                USART1_IRQHandler
 .text.GPIO_Toggle_INIT
                0x0000000000000716       0x48 ./User/gpio.o
                0x0000000000000716                GPIO_Toggle_INIT
 .text.Key_Function
                0x000000000000075e       0x32 ./User/key_func.o
                0x000000000000075e                Key_Function
 .text.TouchDriver_Loop
                0x0000000000000790       0x5c ./User/key_func.o
                0x0000000000000790                TouchDriver_Loop
 .text.Led2Run_Loop
                0x00000000000007ec       0x4a ./User/leddrive.o
                0x00000000000007ec                Led2Run_Loop
 .text.LedDriver_Loop
                0x0000000000000836       0x5a ./User/leddrive.o
                0x0000000000000836                LedDriver_Loop
 .text.DMA_RX   0x0000000000000890       0x5e ./User/main.o
                0x0000000000000890                DMA_RX
 .text.Order_dect
                0x00000000000008ee      0x12e ./User/main.o
                0x00000000000008ee                Order_dect
 .text.startup.main
                0x0000000000000a1c       0xf6 ./User/main.o
                0x0000000000000a1c                main
 .text.SystemInit
                0x0000000000000b12       0xfa ./User/system_ch32v30x.o
                0x0000000000000b12                SystemInit
 .text.SystemCoreClockUpdate
                0x0000000000000c0c       0xbe ./User/system_ch32v30x.o
                0x0000000000000c0c                SystemCoreClockUpdate
 .text.MY_USART_Init
                0x0000000000000cca       0x9e ./User/uart.o
                0x0000000000000cca                MY_USART_Init
 .text.DMA_INIT
                0x0000000000000d68       0x5c ./User/uart.o
                0x0000000000000d68                DMA_INIT
 .text.vector_handler
                0x0000000000000dc4       0xbe ./Startup/startup_ch32v30x_D8C.o
                0x0000000000000dc8                Ecall_M_Mode_Handler
                0x0000000000000dca                Ecall_U_Mode_Handler
                0x0000000000000dcc                Break_Point_Handler
                0x0000000000000dd2                WWDG_IRQHandler
                0x0000000000000dd4                PVD_IRQHandler
                0x0000000000000dd6                TAMPER_IRQHandler
                0x0000000000000dd8                RTC_IRQHandler
                0x0000000000000dda                FLASH_IRQHandler
                0x0000000000000ddc                RCC_IRQHandler
                0x0000000000000dde                EXTI0_IRQHandler
                0x0000000000000de0                EXTI1_IRQHandler
                0x0000000000000de2                EXTI2_IRQHandler
                0x0000000000000de4                EXTI3_IRQHandler
                0x0000000000000de6                EXTI4_IRQHandler
                0x0000000000000de8                DMA1_Channel1_IRQHandler
                0x0000000000000dea                DMA1_Channel2_IRQHandler
                0x0000000000000dec                DMA1_Channel3_IRQHandler
                0x0000000000000dee                DMA1_Channel4_IRQHandler
                0x0000000000000df0                DMA1_Channel5_IRQHandler
                0x0000000000000df2                DMA1_Channel6_IRQHandler
                0x0000000000000df4                DMA1_Channel7_IRQHandler
                0x0000000000000df6                ADC1_2_IRQHandler
                0x0000000000000df8                USB_HP_CAN1_TX_IRQHandler
                0x0000000000000dfa                USB_LP_CAN1_RX0_IRQHandler
                0x0000000000000dfc                CAN1_RX1_IRQHandler
                0x0000000000000dfe                CAN1_SCE_IRQHandler
                0x0000000000000e00                EXTI9_5_IRQHandler
                0x0000000000000e02                TIM1_BRK_IRQHandler
                0x0000000000000e04                TIM1_UP_IRQHandler
                0x0000000000000e06                TIM1_TRG_COM_IRQHandler
                0x0000000000000e08                TIM1_CC_IRQHandler
                0x0000000000000e0a                TIM2_IRQHandler
                0x0000000000000e0c                TIM3_IRQHandler
                0x0000000000000e0e                TIM4_IRQHandler
                0x0000000000000e10                I2C1_EV_IRQHandler
                0x0000000000000e12                I2C1_ER_IRQHandler
                0x0000000000000e14                I2C2_EV_IRQHandler
                0x0000000000000e16                I2C2_ER_IRQHandler
                0x0000000000000e18                SPI1_IRQHandler
                0x0000000000000e1a                SPI2_IRQHandler
                0x0000000000000e1e                USART2_IRQHandler
                0x0000000000000e20                USART3_IRQHandler
                0x0000000000000e22                EXTI15_10_IRQHandler
                0x0000000000000e24                RTCAlarm_IRQHandler
                0x0000000000000e26                USBWakeUp_IRQHandler
                0x0000000000000e28                TIM8_BRK_IRQHandler
                0x0000000000000e2a                TIM8_UP_IRQHandler
                0x0000000000000e2c                TIM8_TRG_COM_IRQHandler
                0x0000000000000e2e                TIM8_CC_IRQHandler
                0x0000000000000e30                RNG_IRQHandler
                0x0000000000000e32                FSMC_IRQHandler
                0x0000000000000e34                SDIO_IRQHandler
                0x0000000000000e36                TIM5_IRQHandler
                0x0000000000000e38                SPI3_IRQHandler
                0x0000000000000e3a                UART4_IRQHandler
                0x0000000000000e3c                UART5_IRQHandler
                0x0000000000000e3e                TIM6_IRQHandler
                0x0000000000000e40                TIM7_IRQHandler
                0x0000000000000e42                DMA2_Channel1_IRQHandler
                0x0000000000000e44                DMA2_Channel2_IRQHandler
                0x0000000000000e46                DMA2_Channel3_IRQHandler
                0x0000000000000e48                DMA2_Channel4_IRQHandler
                0x0000000000000e4a                DMA2_Channel5_IRQHandler
                0x0000000000000e4c                ETH_IRQHandler
                0x0000000000000e4e                ETH_WKUP_IRQHandler
                0x0000000000000e50                CAN2_TX_IRQHandler
                0x0000000000000e52                CAN2_RX0_IRQHandler
                0x0000000000000e54                CAN2_RX1_IRQHandler
                0x0000000000000e56                CAN2_SCE_IRQHandler
                0x0000000000000e58                OTG_FS_IRQHandler
                0x0000000000000e5a                USBHSWakeup_IRQHandler
                0x0000000000000e5c                USBHS_IRQHandler
                0x0000000000000e5e                DVP_IRQHandler
                0x0000000000000e60                UART6_IRQHandler
                0x0000000000000e62                UART7_IRQHandler
                0x0000000000000e64                UART8_IRQHandler
                0x0000000000000e66                TIM9_BRK_IRQHandler
                0x0000000000000e68                TIM9_UP_IRQHandler
                0x0000000000000e6a                TIM9_TRG_COM_IRQHandler
                0x0000000000000e6c                TIM9_CC_IRQHandler
                0x0000000000000e6e                TIM10_BRK_IRQHandler
                0x0000000000000e70                TIM10_UP_IRQHandler
                0x0000000000000e72                TIM10_TRG_COM_IRQHandler
                0x0000000000000e74                TIM10_CC_IRQHandler
                0x0000000000000e76                DMA2_Channel6_IRQHandler
                0x0000000000000e78                DMA2_Channel7_IRQHandler
                0x0000000000000e7a                DMA2_Channel8_IRQHandler
                0x0000000000000e7c                DMA2_Channel9_IRQHandler
                0x0000000000000e7e                DMA2_Channel10_IRQHandler
                0x0000000000000e80                DMA2_Channel11_IRQHandler
 .text.handle_reset
                0x0000000000000e82       0x92 ./Startup/startup_ch32v30x_D8C.o
                0x0000000000000e82                handle_reset
 .text.CAN_Transmit
                0x0000000000000f14       0xbc ./Peripheral/src/ch32v30x_can.o
                0x0000000000000f14                CAN_Transmit
 .text.CAN_TransmitStatus
                0x0000000000000fd0       0x62 ./Peripheral/src/ch32v30x_can.o
                0x0000000000000fd0                CAN_TransmitStatus
 .text.DBGMCU_GetCHIPID
                0x0000000000001032        0xa ./Peripheral/src/ch32v30x_dbgmcu.o
                0x0000000000001032                DBGMCU_GetCHIPID
 .text.DMA_DeInit
                0x000000000000103c      0x16c ./Peripheral/src/ch32v30x_dma.o
                0x000000000000103c                DMA_DeInit
 .text.DMA_Init
                0x00000000000011a8       0x38 ./Peripheral/src/ch32v30x_dma.o
                0x00000000000011a8                DMA_Init
 .text.GPIO_Init
                0x00000000000011e0       0xc0 ./Peripheral/src/ch32v30x_gpio.o
                0x00000000000011e0                GPIO_Init
 .text.GPIO_ReadInputDataBit
                0x00000000000012a0        0xa ./Peripheral/src/ch32v30x_gpio.o
                0x00000000000012a0                GPIO_ReadInputDataBit
 .text.GPIO_SetBits
                0x00000000000012aa        0x4 ./Peripheral/src/ch32v30x_gpio.o
                0x00000000000012aa                GPIO_SetBits
 .text.GPIO_ResetBits
                0x00000000000012ae        0x4 ./Peripheral/src/ch32v30x_gpio.o
                0x00000000000012ae                GPIO_ResetBits
 .text.NVIC_PriorityGroupConfig
                0x00000000000012b2        0xa ./Peripheral/src/ch32v30x_misc.o
                0x00000000000012b2                NVIC_PriorityGroupConfig
 .text.NVIC_Init
                0x00000000000012bc       0xaa ./Peripheral/src/ch32v30x_misc.o
                0x00000000000012bc                NVIC_Init
 .text.RCC_GetClocksFreq
                0x0000000000001366      0x176 ./Peripheral/src/ch32v30x_rcc.o
                0x0000000000001366                RCC_GetClocksFreq
 .text.RCC_AHBPeriphClockCmd
                0x00000000000014dc       0x1e ./Peripheral/src/ch32v30x_rcc.o
                0x00000000000014dc                RCC_AHBPeriphClockCmd
 .text.RCC_APB2PeriphClockCmd
                0x00000000000014fa       0x1e ./Peripheral/src/ch32v30x_rcc.o
                0x00000000000014fa                RCC_APB2PeriphClockCmd
 .text.USART_Init
                0x0000000000001518       0xba ./Peripheral/src/ch32v30x_usart.o
                0x0000000000001518                USART_Init
 .text.USART_Cmd
                0x00000000000015d2       0x16 ./Peripheral/src/ch32v30x_usart.o
                0x00000000000015d2                USART_Cmd
 .text.USART_ITConfig
                0x00000000000015e8       0x36 ./Peripheral/src/ch32v30x_usart.o
                0x00000000000015e8                USART_ITConfig
 .text.USART_SendData
                0x000000000000161e        0x8 ./Peripheral/src/ch32v30x_usart.o
                0x000000000000161e                USART_SendData
 .text.USART_ReceiveData
                0x0000000000001626        0x8 ./Peripheral/src/ch32v30x_usart.o
                0x0000000000001626                USART_ReceiveData
 .text.USART_GetFlagStatus
                0x000000000000162e        0xa ./Peripheral/src/ch32v30x_usart.o
                0x000000000000162e                USART_GetFlagStatus
 .text.USART_GetITStatus
                0x0000000000001638       0x3c ./Peripheral/src/ch32v30x_usart.o
                0x0000000000001638                USART_GetITStatus
 .text.prvInsertBlockIntoFreeList
                0x0000000000001674       0x4c ./FreeRTOS/portable/MemMang/heap_4.o
 .text.pvPortMalloc
                0x00000000000016c0      0x18a ./FreeRTOS/portable/MemMang/heap_4.o
                0x00000000000016c0                pvPortMalloc
 .text.vPortFree
                0x000000000000184a       0xa6 ./FreeRTOS/portable/MemMang/heap_4.o
                0x000000000000184a                vPortFree
 .text.vPortSetupTimerInterrupt
                0x00000000000018f0       0x3e ./FreeRTOS/portable/GCC/RISC-V/port.o
                0x00000000000018f0                vPortSetupTimerInterrupt
 .text.xPortStartScheduler
                0x000000000000192e       0x8e ./FreeRTOS/portable/GCC/RISC-V/port.o
                0x000000000000192e                xPortStartScheduler
 .text.SysTick_Handler
                0x00000000000019bc       0x38 ./FreeRTOS/portable/GCC/RISC-V/port.o
                0x00000000000019bc                SysTick_Handler
 .text.vPortEnterCritical
                0x00000000000019f4       0x16 ./FreeRTOS/portable/GCC/RISC-V/port.o
                0x00000000000019f4                vPortEnterCritical
 .text.vPortExitCritical
                0x0000000000001a0a       0x42 ./FreeRTOS/portable/GCC/RISC-V/port.o
                0x0000000000001a0a                vPortExitCritical
 .text.vListInitialise
                0x0000000000001a4c       0x14 ./FreeRTOS/list.o
                0x0000000000001a4c                vListInitialise
 .text.vListInitialiseItem
                0x0000000000001a60        0x6 ./FreeRTOS/list.o
                0x0000000000001a60                vListInitialiseItem
 .text.vListInsert
                0x0000000000001a66       0x2e ./FreeRTOS/list.o
                0x0000000000001a66                vListInsert
 .text.uxListRemove
                0x0000000000001a94       0x20 ./FreeRTOS/list.o
                0x0000000000001a94                uxListRemove
 .text.prvIsQueueEmpty
                0x0000000000001ab4       0x1a ./FreeRTOS/queue.o
 .text.prvCopyDataFromQueue
                0x0000000000001ace       0x28 ./FreeRTOS/queue.o
 .text.prvUnlockQueue
                0x0000000000001af6       0x6e ./FreeRTOS/queue.o
 .text.xQueueGenericReset
                0x0000000000001b64       0xbc ./FreeRTOS/queue.o
                0x0000000000001b64                xQueueGenericReset
 .text.xQueueGenericCreate
                0x0000000000001c20       0x6a ./FreeRTOS/queue.o
                0x0000000000001c20                xQueueGenericCreate
 .text.xQueueReceive
                0x0000000000001c8a      0x146 ./FreeRTOS/queue.o
                0x0000000000001c8a                xQueueReceive
 .text.vQueueAddToRegistry
                0x0000000000001dd0       0x6c ./FreeRTOS/queue.o
                0x0000000000001dd0                vQueueAddToRegistry
 .text.vQueueWaitForMessageRestricted
                0x0000000000001e3c       0x56 ./FreeRTOS/queue.o
                0x0000000000001e3c                vQueueWaitForMessageRestricted
 .text.prvResetNextTaskUnblockTime
                0x0000000000001e92       0x24 ./FreeRTOS/tasks.o
 .text.prvAddCurrentTaskToDelayedList
                0x0000000000001eb6       0xa0 ./FreeRTOS/tasks.o
 .text.prvIdleTask
                0x0000000000001f56       0x52 ./FreeRTOS/tasks.o
 .text.xTaskCreate
                0x0000000000001fa8      0x204 ./FreeRTOS/tasks.o
                0x0000000000001fa8                xTaskCreate
 .text.vTaskStartScheduler
                0x00000000000021ac       0x90 ./FreeRTOS/tasks.o
                0x00000000000021ac                vTaskStartScheduler
 .text.vTaskSuspendAll
                0x000000000000223c       0x10 ./FreeRTOS/tasks.o
                0x000000000000223c                vTaskSuspendAll
 .text.xTaskGetTickCount
                0x000000000000224c        0xa ./FreeRTOS/tasks.o
                0x000000000000224c                xTaskGetTickCount
 .text.xTaskIncrementTick
                0x0000000000002256      0x1aa ./FreeRTOS/tasks.o
                0x0000000000002256                xTaskIncrementTick
 .text.xTaskResumeAll
                0x0000000000002400      0x166 ./FreeRTOS/tasks.o
                0x0000000000002400                xTaskResumeAll
 .text.vTaskDelay
                0x0000000000002566       0x62 ./FreeRTOS/tasks.o
                0x0000000000002566                vTaskDelay
 .text.vTaskSwitchContext
                0x00000000000025c8       0x9a ./FreeRTOS/tasks.o
                0x00000000000025c8                vTaskSwitchContext
 .text.vTaskPlaceOnEventList
                0x0000000000002662       0x48 ./FreeRTOS/tasks.o
                0x0000000000002662                vTaskPlaceOnEventList
 .text.vTaskPlaceOnEventListRestricted
                0x00000000000026aa       0x74 ./FreeRTOS/tasks.o
                0x00000000000026aa                vTaskPlaceOnEventListRestricted
 .text.xTaskRemoveFromEventList
                0x000000000000271e       0xea ./FreeRTOS/tasks.o
                0x000000000000271e                xTaskRemoveFromEventList
 .text.vTaskInternalSetTimeOutState
                0x0000000000002808       0x16 ./FreeRTOS/tasks.o
                0x0000000000002808                vTaskInternalSetTimeOutState
 .text.xTaskCheckForTimeOut
                0x000000000000281e       0xc4 ./FreeRTOS/tasks.o
                0x000000000000281e                xTaskCheckForTimeOut
 .text.vTaskMissedYield
                0x00000000000028e2        0xc ./FreeRTOS/tasks.o
                0x00000000000028e2                vTaskMissedYield
 .text.xTaskGetSchedulerState
                0x00000000000028ee       0x1c ./FreeRTOS/tasks.o
                0x00000000000028ee                xTaskGetSchedulerState
 .text.prvCheckForValidListAndQueue
                0x000000000000290a       0x66 ./FreeRTOS/timers.o
 .text.prvInsertTimerInActiveList
                0x0000000000002970       0x46 ./FreeRTOS/timers.o
 .text.prvReloadTimer
                0x00000000000029b6       0x28 ./FreeRTOS/timers.o
 .text.prvProcessExpiredTimer
                0x00000000000029de       0x44 ./FreeRTOS/timers.o
 .text.prvSwitchTimerLists
                0x0000000000002a22       0x2e ./FreeRTOS/timers.o
 .text.prvTimerTask
                0x0000000000002a50      0x18a ./FreeRTOS/timers.o
 .text.xTimerCreateTimerTask
                0x0000000000002bda       0x5c ./FreeRTOS/timers.o
                0x0000000000002bda                xTimerCreateTimerTask
 .text.Delay_Init
                0x0000000000002c36       0x32 ./Debug/debug.o
                0x0000000000002c36                Delay_Init
 .text._write   0x0000000000002c68       0x3e ./Debug/debug.o
                0x0000000000002c68                _write
 .text._sbrk    0x0000000000002ca6       0x2a ./Debug/debug.o
                0x0000000000002ca6                _sbrk
 .text.memcpy   0x0000000000002cd0       0xb2 d:/mounriver/mounriver_studio/toolchain/risc-v embedded gcc/bin/../lib/gcc/riscv-none-embed/8.2.0/../../../../riscv-none-embed/lib/rv32imacxw/ilp32\libg_nano.a(lib_a-memcpy.o)
                0x0000000000002cd0                memcpy
 .text.printf   0x0000000000002d82       0x40 d:/mounriver/mounriver_studio/toolchain/risc-v embedded gcc/bin/../lib/gcc/riscv-none-embed/8.2.0/../../../../riscv-none-embed/lib/rv32imacxw/ilp32\libg_nano.a(lib_a-printf.o)
                0x0000000000002d82                iprintf
                0x0000000000002d82                printf
 .text._puts_r  0x0000000000002dc2       0xd4 d:/mounriver/mounriver_studio/toolchain/risc-v embedded gcc/bin/../lib/gcc/riscv-none-embed/8.2.0/../../../../riscv-none-embed/lib/rv32imacxw/ilp32\libg_nano.a(lib_a-puts.o)
                0x0000000000002dc2                _puts_r
 .text.puts     0x0000000000002e96        0xa d:/mounriver/mounriver_studio/toolchain/risc-v embedded gcc/bin/../lib/gcc/riscv-none-embed/8.2.0/../../../../riscv-none-embed/lib/rv32imacxw/ilp32\libg_nano.a(lib_a-puts.o)
                0x0000000000002e96                puts
 .text.__swbuf_r
                0x0000000000002ea0       0xbc d:/mounriver/mounriver_studio/toolchain/risc-v embedded gcc/bin/../lib/gcc/riscv-none-embed/8.2.0/../../../../riscv-none-embed/lib/rv32imacxw/ilp32\libg_nano.a(lib_a-wbuf.o)
                0x0000000000002ea0                __swbuf_r
 .text.__swsetup_r
                0x0000000000002f5c       0xfc d:/mounriver/mounriver_studio/toolchain/risc-v embedded gcc/bin/../lib/gcc/riscv-none-embed/8.2.0/../../../../riscv-none-embed/lib/rv32imacxw/ilp32\libg_nano.a(lib_a-wsetup.o)
                0x0000000000002f5c                __swsetup_r
 .text.__sflush_r
                0x0000000000003058      0x130 d:/mounriver/mounriver_studio/toolchain/risc-v embedded gcc/bin/../lib/gcc/riscv-none-embed/8.2.0/../../../../riscv-none-embed/lib/rv32imacxw/ilp32\libg_nano.a(lib_a-fflush.o)
                0x0000000000003058                __sflush_r
 .text._fflush_r
                0x0000000000003188       0x64 d:/mounriver/mounriver_studio/toolchain/risc-v embedded gcc/bin/../lib/gcc/riscv-none-embed/8.2.0/../../../../riscv-none-embed/lib/rv32imacxw/ilp32\libg_nano.a(lib_a-fflush.o)
                0x0000000000003188                _fflush_r
 .text.std      0x00000000000031ec       0x66 d:/mounriver/mounriver_studio/toolchain/risc-v embedded gcc/bin/../lib/gcc/riscv-none-embed/8.2.0/../../../../riscv-none-embed/lib/rv32imacxw/ilp32\libg_nano.a(lib_a-findfp.o)
 .text._cleanup_r
                0x0000000000003252        0xa d:/mounriver/mounriver_studio/toolchain/risc-v embedded gcc/bin/../lib/gcc/riscv-none-embed/8.2.0/../../../../riscv-none-embed/lib/rv32imacxw/ilp32\libg_nano.a(lib_a-findfp.o)
                0x0000000000003252                _cleanup_r
 .text.__sfmoreglue
                0x000000000000325c       0x46 d:/mounriver/mounriver_studio/toolchain/risc-v embedded gcc/bin/../lib/gcc/riscv-none-embed/8.2.0/../../../../riscv-none-embed/lib/rv32imacxw/ilp32\libg_nano.a(lib_a-findfp.o)
                0x000000000000325c                __sfmoreglue
 .text.__sinit  0x00000000000032a2       0x66 d:/mounriver/mounriver_studio/toolchain/risc-v embedded gcc/bin/../lib/gcc/riscv-none-embed/8.2.0/../../../../riscv-none-embed/lib/rv32imacxw/ilp32\libg_nano.a(lib_a-findfp.o)
                0x00000000000032a2                __sinit
 .text.__sfp    0x0000000000003308       0x9c d:/mounriver/mounriver_studio/toolchain/risc-v embedded gcc/bin/../lib/gcc/riscv-none-embed/8.2.0/../../../../riscv-none-embed/lib/rv32imacxw/ilp32\libg_nano.a(lib_a-findfp.o)
                0x0000000000003308                __sfp
 .text._fwalk_reent
                0x00000000000033a4       0x6a d:/mounriver/mounriver_studio/toolchain/risc-v embedded gcc/bin/../lib/gcc/riscv-none-embed/8.2.0/../../../../riscv-none-embed/lib/rv32imacxw/ilp32\libg_nano.a(lib_a-fwalk.o)
                0x00000000000033a4                _fwalk_reent
 .text.__swhatbuf_r
                0x000000000000340e       0x58 d:/mounriver/mounriver_studio/toolchain/risc-v embedded gcc/bin/../lib/gcc/riscv-none-embed/8.2.0/../../../../riscv-none-embed/lib/rv32imacxw/ilp32\libg_nano.a(lib_a-makebuf.o)
                0x000000000000340e                __swhatbuf_r
 .text.__smakebuf_r
                0x0000000000003466       0x90 d:/mounriver/mounriver_studio/toolchain/risc-v embedded gcc/bin/../lib/gcc/riscv-none-embed/8.2.0/../../../../riscv-none-embed/lib/rv32imacxw/ilp32\libg_nano.a(lib_a-makebuf.o)
                0x0000000000003466                __smakebuf_r
 .text._free_r  0x00000000000034f6       0xb0 d:/mounriver/mounriver_studio/toolchain/risc-v embedded gcc/bin/../lib/gcc/riscv-none-embed/8.2.0/../../../../riscv-none-embed/lib/rv32imacxw/ilp32\libg_nano.a(lib_a-nano-freer.o)
                0x00000000000034f6                _free_r
 .text._malloc_r
                0x00000000000035a6       0xe4 d:/mounriver/mounriver_studio/toolchain/risc-v embedded gcc/bin/../lib/gcc/riscv-none-embed/8.2.0/../../../../riscv-none-embed/lib/rv32imacxw/ilp32\libg_nano.a(lib_a-nano-mallocr.o)
                0x00000000000035a6                _malloc_r
 .text.__sfputc_r
                0x000000000000368a       0x28 d:/mounriver/mounriver_studio/toolchain/risc-v embedded gcc/bin/../lib/gcc/riscv-none-embed/8.2.0/../../../../riscv-none-embed/lib/rv32imacxw/ilp32\libg_nano.a(lib_a-nano-vfprintf.o)
 .text.__sfputs_r
                0x00000000000036b2       0x40 d:/mounriver/mounriver_studio/toolchain/risc-v embedded gcc/bin/../lib/gcc/riscv-none-embed/8.2.0/../../../../riscv-none-embed/lib/rv32imacxw/ilp32\libg_nano.a(lib_a-nano-vfprintf.o)
                0x00000000000036b2                __sfputs_r
 .text._vfprintf_r
                0x00000000000036f2      0x286 d:/mounriver/mounriver_studio/toolchain/risc-v embedded gcc/bin/../lib/gcc/riscv-none-embed/8.2.0/../../../../riscv-none-embed/lib/rv32imacxw/ilp32\libg_nano.a(lib_a-nano-vfprintf.o)
                0x00000000000036f2                _vfprintf_r
                0x00000000000036f2                _vfiprintf_r
 .text._printf_common
                0x0000000000003978      0x10c d:/mounriver/mounriver_studio/toolchain/risc-v embedded gcc/bin/../lib/gcc/riscv-none-embed/8.2.0/../../../../riscv-none-embed/lib/rv32imacxw/ilp32\libg_nano.a(lib_a-nano-vfprintf_i.o)
                0x0000000000003978                _printf_common
 .text._printf_i
                0x0000000000003a84      0x2a2 d:/mounriver/mounriver_studio/toolchain/risc-v embedded gcc/bin/../lib/gcc/riscv-none-embed/8.2.0/../../../../riscv-none-embed/lib/rv32imacxw/ilp32\libg_nano.a(lib_a-nano-vfprintf_i.o)
                0x0000000000003a84                _printf_i
 .text._sbrk_r  0x0000000000003d26       0x32 d:/mounriver/mounriver_studio/toolchain/risc-v embedded gcc/bin/../lib/gcc/riscv-none-embed/8.2.0/../../../../riscv-none-embed/lib/rv32imacxw/ilp32\libg_nano.a(lib_a-sbrkr.o)
                0x0000000000003d26                _sbrk_r
 .text.__sread  0x0000000000003d58       0x2c d:/mounriver/mounriver_studio/toolchain/risc-v embedded gcc/bin/../lib/gcc/riscv-none-embed/8.2.0/../../../../riscv-none-embed/lib/rv32imacxw/ilp32\libg_nano.a(lib_a-stdio.o)
                0x0000000000003d58                __sread
 .text.__swrite
                0x0000000000003d84       0x48 d:/mounriver/mounriver_studio/toolchain/risc-v embedded gcc/bin/../lib/gcc/riscv-none-embed/8.2.0/../../../../riscv-none-embed/lib/rv32imacxw/ilp32\libg_nano.a(lib_a-stdio.o)
                0x0000000000003d84                __swrite
 .text.__sseek  0x0000000000003dcc       0x30 d:/mounriver/mounriver_studio/toolchain/risc-v embedded gcc/bin/../lib/gcc/riscv-none-embed/8.2.0/../../../../riscv-none-embed/lib/rv32imacxw/ilp32\libg_nano.a(lib_a-stdio.o)
                0x0000000000003dcc                __sseek
 .text.__sclose
                0x0000000000003dfc        0x6 d:/mounriver/mounriver_studio/toolchain/risc-v embedded gcc/bin/../lib/gcc/riscv-none-embed/8.2.0/../../../../riscv-none-embed/lib/rv32imacxw/ilp32\libg_nano.a(lib_a-stdio.o)
                0x0000000000003dfc                __sclose
 .text._write_r
                0x0000000000003e02       0x36 d:/mounriver/mounriver_studio/toolchain/risc-v embedded gcc/bin/../lib/gcc/riscv-none-embed/8.2.0/../../../../riscv-none-embed/lib/rv32imacxw/ilp32\libg_nano.a(lib_a-writer.o)
                0x0000000000003e02                _write_r
 .text._close_r
                0x0000000000003e38       0x30 d:/mounriver/mounriver_studio/toolchain/risc-v embedded gcc/bin/../lib/gcc/riscv-none-embed/8.2.0/../../../../riscv-none-embed/lib/rv32imacxw/ilp32\libg_nano.a(lib_a-closer.o)
                0x0000000000003e38                _close_r
 .text._fstat_r
                0x0000000000003e68       0x32 d:/mounriver/mounriver_studio/toolchain/risc-v embedded gcc/bin/../lib/gcc/riscv-none-embed/8.2.0/../../../../riscv-none-embed/lib/rv32imacxw/ilp32\libg_nano.a(lib_a-fstatr.o)
                0x0000000000003e68                _fstat_r
 .text._isatty_r
                0x0000000000003e9a       0x30 d:/mounriver/mounriver_studio/toolchain/risc-v embedded gcc/bin/../lib/gcc/riscv-none-embed/8.2.0/../../../../riscv-none-embed/lib/rv32imacxw/ilp32\libg_nano.a(lib_a-isattyr.o)
                0x0000000000003e9a                _isatty_r
 .text._lseek_r
                0x0000000000003eca       0x34 d:/mounriver/mounriver_studio/toolchain/risc-v embedded gcc/bin/../lib/gcc/riscv-none-embed/8.2.0/../../../../riscv-none-embed/lib/rv32imacxw/ilp32\libg_nano.a(lib_a-lseekr.o)
                0x0000000000003eca                _lseek_r
 .text.memchr   0x0000000000003efe       0x18 d:/mounriver/mounriver_studio/toolchain/risc-v embedded gcc/bin/../lib/gcc/riscv-none-embed/8.2.0/../../../../riscv-none-embed/lib/rv32imacxw/ilp32\libg_nano.a(lib_a-memchr.o)
                0x0000000000003efe                memchr
 .text.__malloc_lock
                0x0000000000003f16        0x2 d:/mounriver/mounriver_studio/toolchain/risc-v embedded gcc/bin/../lib/gcc/riscv-none-embed/8.2.0/../../../../riscv-none-embed/lib/rv32imacxw/ilp32\libg_nano.a(lib_a-mlock.o)
                0x0000000000003f16                __malloc_lock
 .text.__malloc_unlock
                0x0000000000003f18        0x2 d:/mounriver/mounriver_studio/toolchain/risc-v embedded gcc/bin/../lib/gcc/riscv-none-embed/8.2.0/../../../../riscv-none-embed/lib/rv32imacxw/ilp32\libg_nano.a(lib_a-mlock.o)
                0x0000000000003f18                __malloc_unlock
 .text._read_r  0x0000000000003f1a       0x34 d:/mounriver/mounriver_studio/toolchain/risc-v embedded gcc/bin/../lib/gcc/riscv-none-embed/8.2.0/../../../../riscv-none-embed/lib/rv32imacxw/ilp32\libg_nano.a(lib_a-readr.o)
                0x0000000000003f1a                _read_r
 .text._close   0x0000000000003f4e       0x10 d:/mounriver/mounriver_studio/toolchain/risc-v embedded gcc/bin/../lib/gcc/riscv-none-embed/8.2.0/../../../../riscv-none-embed/lib/rv32imacxw/ilp32\libnosys.a(close.o)
                0x0000000000003f4e                _close
 .text._fstat   0x0000000000003f5e       0x10 d:/mounriver/mounriver_studio/toolchain/risc-v embedded gcc/bin/../lib/gcc/riscv-none-embed/8.2.0/../../../../riscv-none-embed/lib/rv32imacxw/ilp32\libnosys.a(fstat.o)
                0x0000000000003f5e                _fstat
 .text._isatty  0x0000000000003f6e       0x10 d:/mounriver/mounriver_studio/toolchain/risc-v embedded gcc/bin/../lib/gcc/riscv-none-embed/8.2.0/../../../../riscv-none-embed/lib/rv32imacxw/ilp32\libnosys.a(isatty.o)
                0x0000000000003f6e                _isatty
 .text._lseek   0x0000000000003f7e       0x10 d:/mounriver/mounriver_studio/toolchain/risc-v embedded gcc/bin/../lib/gcc/riscv-none-embed/8.2.0/../../../../riscv-none-embed/lib/rv32imacxw/ilp32\libnosys.a(lseek.o)
                0x0000000000003f7e                _lseek
 .text._read    0x0000000000003f8e       0x10 d:/mounriver/mounriver_studio/toolchain/risc-v embedded gcc/bin/../lib/gcc/riscv-none-embed/8.2.0/../../../../riscv-none-embed/lib/rv32imacxw/ilp32\libnosys.a(read.o)
                0x0000000000003f8e                _read
 *(.rodata)
 *(.rodata*)
 *fill*         0x0000000000003f9e        0x2 
 .rodata.USART1_IRQHandler.str1.4
                0x0000000000003fa0       0x11 ./User/ch32v30x_it.o
 *fill*         0x0000000000003fb1        0x3 
 .rodata.Key_Function.str1.4
                0x0000000000003fb4       0x2d ./User/key_func.o
 *fill*         0x0000000000003fe1        0x3 
 .rodata.Order_dect.str1.4
                0x0000000000003fe4       0x2c ./User/main.o
 .rodata.main.str1.4
                0x0000000000004010       0x94 ./User/main.o
 .rodata.pvPortMalloc.str1.4
                0x00000000000040a4       0x49 ./FreeRTOS/portable/MemMang/heap_4.o
 *fill*         0x00000000000040ed        0x3 
 .rodata.xPortStartScheduler.str1.4
                0x00000000000040f0       0x27 ./FreeRTOS/portable/GCC/RISC-V/port.o
                                         0x49 (size before relaxing)
 *fill*         0x0000000000004117        0x1 
 .rodata.xQueueGenericReset.str1.4
                0x0000000000004118       0x14 ./FreeRTOS/queue.o
                                         0x35 (size before relaxing)
 .rodata.prvTaskIsTaskSuspended.str1.4
                0x000000000000412c       0x14 ./FreeRTOS/tasks.o
                                         0x35 (size before relaxing)
 .rodata.vTaskStartScheduler.str1.4
                0x0000000000004140        0x5 ./FreeRTOS/tasks.o
 *fill*         0x0000000000004145        0x3 
 .rodata.prvTimerTask
                0x0000000000004148       0x24 ./FreeRTOS/timers.o
 .rodata.prvCheckForValidListAndQueue.str1.4
                0x000000000000416c        0x5 ./FreeRTOS/timers.o
 *fill*         0x0000000000004171        0x3 
 .rodata.prvTimerTask.str1.4
                0x0000000000004174       0x15 ./FreeRTOS/timers.o
                                         0x39 (size before relaxing)
 *fill*         0x0000000000004189        0x3 
 .rodata.xTimerCreateTimerTask.str1.4
                0x000000000000418c        0x8 ./FreeRTOS/timers.o
 .rodata.__sf_fake_stderr
                0x0000000000004194       0x20 d:/mounriver/mounriver_studio/toolchain/risc-v embedded gcc/bin/../lib/gcc/riscv-none-embed/8.2.0/../../../../riscv-none-embed/lib/rv32imacxw/ilp32\libg_nano.a(lib_a-findfp.o)
                0x0000000000004194                __sf_fake_stderr
 .rodata.__sf_fake_stdin
                0x00000000000041b4       0x20 d:/mounriver/mounriver_studio/toolchain/risc-v embedded gcc/bin/../lib/gcc/riscv-none-embed/8.2.0/../../../../riscv-none-embed/lib/rv32imacxw/ilp32\libg_nano.a(lib_a-findfp.o)
                0x00000000000041b4                __sf_fake_stdin
 .rodata.__sf_fake_stdout
                0x00000000000041d4       0x20 d:/mounriver/mounriver_studio/toolchain/risc-v embedded gcc/bin/../lib/gcc/riscv-none-embed/8.2.0/../../../../riscv-none-embed/lib/rv32imacxw/ilp32\libg_nano.a(lib_a-findfp.o)
                0x00000000000041d4                __sf_fake_stdout
 .rodata._vfprintf_r.str1.4
                0x00000000000041f4       0x13 d:/mounriver/mounriver_studio/toolchain/risc-v embedded gcc/bin/../lib/gcc/riscv-none-embed/8.2.0/../../../../riscv-none-embed/lib/rv32imacxw/ilp32\libg_nano.a(lib_a-nano-vfprintf.o)
 *fill*         0x0000000000004207        0x1 
 .rodata._printf_i.str1.4
                0x0000000000004208       0x28 d:/mounriver/mounriver_studio/toolchain/risc-v embedded gcc/bin/../lib/gcc/riscv-none-embed/8.2.0/../../../../riscv-none-embed/lib/rv32imacxw/ilp32\libg_nano.a(lib_a-nano-vfprintf_i.o)
                                         0x25 (size before relaxing)
 *(.gnu.linkonce.t.*)
                0x0000000000004230                . = ALIGN (0x4)

.rela.dyn       0x0000000000004230        0x0
 .rela.init     0x0000000000004230        0x0 ./User/can.o
 .rela.vector   0x0000000000004230        0x0 ./User/can.o
 .rela.text.handle_reset
                0x0000000000004230        0x0 ./User/can.o
 .rela.text.xPortStartScheduler
                0x0000000000004230        0x0 ./User/can.o
 .rela.sdata2.xISRStackTop
                0x0000000000004230        0x0 ./User/can.o
 .rela.text._sbrk
                0x0000000000004230        0x0 ./User/can.o
 .rela.sdata.curbrk.5218
                0x0000000000004230        0x0 ./User/can.o
 .rela.text._vfprintf_r
                0x0000000000004230        0x0 ./User/can.o
 .rela.text._sbrk_r
                0x0000000000004230        0x0 ./User/can.o
 .rela.text._write_r
                0x0000000000004230        0x0 ./User/can.o
 .rela.text._close_r
                0x0000000000004230        0x0 ./User/can.o
 .rela.text._fstat_r
                0x0000000000004230        0x0 ./User/can.o
 .rela.text._isatty_r
                0x0000000000004230        0x0 ./User/can.o
 .rela.text._lseek_r
                0x0000000000004230        0x0 ./User/can.o
 .rela.text._read_r
                0x0000000000004230        0x0 ./User/can.o
 .rela.text._close
                0x0000000000004230        0x0 ./User/can.o
 .rela.text._fstat
                0x0000000000004230        0x0 ./User/can.o
 .rela.text._isatty
                0x0000000000004230        0x0 ./User/can.o
 .rela.text._lseek
                0x0000000000004230        0x0 ./User/can.o
 .rela.text._read
                0x0000000000004230        0x0 ./User/can.o

.fini           0x0000000000004230        0x0
 *(SORT_NONE(.fini))
                0x0000000000004230                . = ALIGN (0x4)
                [!provide]                        PROVIDE (_etext = .)
                [!provide]                        PROVIDE (_eitcm = .)

.preinit_array  0x0000000000004230        0x0
                [!provide]                        PROVIDE (__preinit_array_start = .)
 *(.preinit_array)
                [!provide]                        PROVIDE (__preinit_array_end = .)

.init_array     0x0000000000004230        0x0
                [!provide]                        PROVIDE (__init_array_start = .)
 *(SORT_BY_INIT_PRIORITY(.init_array.*) SORT_BY_INIT_PRIORITY(.ctors.*))
 *(.init_array EXCLUDE_FILE(*crtend?.o *crtend.o *crtbegin?.o *crtbegin.o) .ctors)
                [!provide]                        PROVIDE (__init_array_end = .)

.fini_array     0x0000000000004230        0x0
                [!provide]                        PROVIDE (__fini_array_start = .)
 *(SORT_BY_INIT_PRIORITY(.fini_array.*) SORT_BY_INIT_PRIORITY(.dtors.*))
 *(.fini_array EXCLUDE_FILE(*crtend?.o *crtend.o *crtbegin?.o *crtbegin.o) .dtors)
                [!provide]                        PROVIDE (__fini_array_end = .)

.ctors
 *crtbegin.o(.ctors)
 *crtbegin?.o(.ctors)
 *(EXCLUDE_FILE(*crtend?.o *crtend.o) .ctors)
 *(SORT_BY_NAME(.ctors.*))
 *(.ctors)

.dtors
 *crtbegin.o(.dtors)
 *crtbegin?.o(.dtors)
 *(EXCLUDE_FILE(*crtend?.o *crtend.o) .dtors)
 *(SORT_BY_NAME(.dtors.*))
 *(.dtors)

.dalign         0x0000000020000000        0x0 load address 0x0000000000004230
                0x0000000020000000                . = ALIGN (0x4)
                0x0000000020000000                PROVIDE (_data_vma = .)

.dlalign        0x0000000000004230        0x0
                0x0000000000004230                . = ALIGN (0x4)
                0x0000000000004230                PROVIDE (_data_lma = .)

.data           0x0000000020000000      0x100 load address 0x0000000000004230
 *(.gnu.linkonce.r.*)
 *(.data .data.*)
 .data.commond_buffer
                0x0000000020000000       0x60 ./User/main.o
                0x0000000020000000                commond_buffer
 .data.AHBPrescTable
                0x0000000020000060       0x10 ./User/system_ch32v30x.o
                0x0000000020000060                AHBPrescTable
 .data.APBAHBPrescTable
                0x0000000020000070       0x10 ./Peripheral/src/ch32v30x_rcc.o
 .data.impure_data
                0x0000000020000080       0x60 d:/mounriver/mounriver_studio/toolchain/risc-v embedded gcc/bin/../lib/gcc/riscv-none-embed/8.2.0/../../../../riscv-none-embed/lib/rv32imacxw/ilp32\libg_nano.a(lib_a-impure.o)
 *(.gnu.linkonce.d.*)
                0x00000000200000e0                . = ALIGN (0x8)
                0x00000000200008e0                PROVIDE (__global_pointer$ = (. + 0x800))
 *(.sdata .sdata.*)
 .sdata.SystemCoreClock
                0x00000000200000e0        0x4 ./User/system_ch32v30x.o
                0x00000000200000e0                SystemCoreClock
 .sdata.ADCPrescTable
                0x00000000200000e4        0x4 ./Peripheral/src/ch32v30x_rcc.o
 .sdata.uxCriticalNesting
                0x00000000200000e8        0x4 ./FreeRTOS/portable/GCC/RISC-V/port.o
 .sdata.uxTopUsedPriority
                0x00000000200000ec        0x4 ./FreeRTOS/tasks.o
                0x00000000200000ec                uxTopUsedPriority
 .sdata.curbrk.5218
                0x00000000200000f0        0x4 ./Debug/debug.o
 .sdata._impure_ptr
                0x00000000200000f4        0x4 d:/mounriver/mounriver_studio/toolchain/risc-v embedded gcc/bin/../lib/gcc/riscv-none-embed/8.2.0/../../../../riscv-none-embed/lib/rv32imacxw/ilp32\libg_nano.a(lib_a-impure.o)
                0x00000000200000f4                _impure_ptr
 *(.sdata2.*)
 .sdata2.xISRStackTop
                0x00000000200000f8        0x4 ./FreeRTOS/portable/GCC/RISC-V/port.o
                0x00000000200000f8                xISRStackTop
 .sdata2._global_impure_ptr
                0x00000000200000fc        0x4 d:/mounriver/mounriver_studio/toolchain/risc-v embedded gcc/bin/../lib/gcc/riscv-none-embed/8.2.0/../../../../riscv-none-embed/lib/rv32imacxw/ilp32\libg_nano.a(lib_a-impure.o)
                0x00000000200000fc                _global_impure_ptr
 *(.gnu.linkonce.s.*)
                0x0000000020000100                . = ALIGN (0x8)
 *(.srodata.cst16)
 *(.srodata.cst8)
 *(.srodata.cst4)
 *(.srodata.cst2)
 *(.srodata .srodata.*)
                0x0000000020000100                . = ALIGN (0x4)
                0x0000000020000100                PROVIDE (_edata = .)

.bss            0x0000000020000100     0x334c load address 0x0000000000004330
                0x0000000020000100                . = ALIGN (0x4)
                0x0000000020000100                PROVIDE (_sbss = .)
 *(.sbss*)
 .sbss.U1_RxCounter
                0x0000000020000100        0x1 ./User/ch32v30x_it.o
                0x0000000020000100                U1_RxCounter
 .sbss.recv_end_flag
                0x0000000020000101        0x1 ./User/ch32v30x_it.o
                0x0000000020000101                recv_end_flag
 .sbss.BTickTimes.5559
                0x0000000020000102        0x2 ./User/leddrive.o
 .sbss.LastSysState.5560
                0x0000000020000104        0x1 ./User/leddrive.o
 *fill*         0x0000000020000105        0x3 
 .sbss.KeyTask_Handler
                0x0000000020000108        0x4 ./User/main.o
                0x0000000020000108                KeyTask_Handler
 .sbss.LedTask_Handler
                0x000000002000010c        0x4 ./User/main.o
                0x000000002000010c                LedTask_Handler
 .sbss.OrderTask_Handler
                0x0000000020000110        0x4 ./User/main.o
                0x0000000020000110                OrderTask_Handler
 .sbss.RxTask_Handler
                0x0000000020000114        0x4 ./User/main.o
                0x0000000020000114                RxTask_Handler
 .sbss.error_flag
                0x0000000020000118        0x1 ./User/main.o
                0x0000000020000118                error_flag
 .sbss.finish_flag
                0x0000000020000119        0x1 ./User/main.o
                0x0000000020000119                finish_flag
 *fill*         0x000000002000011a        0x2 
 .sbss.TxBuffer1
                0x000000002000011c        0x1 ./User/uart.o
                0x000000002000011c                TxBuffer1
 *fill*         0x000000002000011d        0x3 
 .sbss.NVIC_Priority_Group
                0x0000000020000120        0x4 ./Peripheral/src/ch32v30x_misc.o
                0x0000000020000120                NVIC_Priority_Group
 .sbss.pxEnd    0x0000000020000124        0x4 ./FreeRTOS/portable/MemMang/heap_4.o
 .sbss.xBlockAllocatedBit
                0x0000000020000128        0x4 ./FreeRTOS/portable/MemMang/heap_4.o
 .sbss.xFreeBytesRemaining
                0x000000002000012c        0x4 ./FreeRTOS/portable/MemMang/heap_4.o
 .sbss.xMinimumEverFreeBytesRemaining
                0x0000000020000130        0x4 ./FreeRTOS/portable/MemMang/heap_4.o
 .sbss.xNumberOfSuccessfulAllocations
                0x0000000020000134        0x4 ./FreeRTOS/portable/MemMang/heap_4.o
 .sbss.xNumberOfSuccessfulFrees
                0x0000000020000138        0x4 ./FreeRTOS/portable/MemMang/heap_4.o
 .sbss.xStart   0x000000002000013c        0x8 ./FreeRTOS/portable/MemMang/heap_4.o
 .sbss.pxCurrentTCB
                0x0000000020000144        0x4 ./FreeRTOS/tasks.o
                0x0000000020000144                pxCurrentTCB
 .sbss.pxDelayedTaskList
                0x0000000020000148        0x4 ./FreeRTOS/tasks.o
 .sbss.pxOverflowDelayedTaskList
                0x000000002000014c        0x4 ./FreeRTOS/tasks.o
 .sbss.uxCurrentNumberOfTasks
                0x0000000020000150        0x4 ./FreeRTOS/tasks.o
 .sbss.uxDeletedTasksWaitingCleanUp
                0x0000000020000154        0x4 ./FreeRTOS/tasks.o
 .sbss.uxSchedulerSuspended
                0x0000000020000158        0x4 ./FreeRTOS/tasks.o
 .sbss.uxTaskNumber
                0x000000002000015c        0x4 ./FreeRTOS/tasks.o
 .sbss.uxTopReadyPriority
                0x0000000020000160        0x4 ./FreeRTOS/tasks.o
 .sbss.xIdleTaskHandle
                0x0000000020000164        0x4 ./FreeRTOS/tasks.o
 .sbss.xNextTaskUnblockTime
                0x0000000020000168        0x4 ./FreeRTOS/tasks.o
 .sbss.xNumOfOverflows
                0x000000002000016c        0x4 ./FreeRTOS/tasks.o
 .sbss.xPendedTicks
                0x0000000020000170        0x4 ./FreeRTOS/tasks.o
 .sbss.xSchedulerRunning
                0x0000000020000174        0x4 ./FreeRTOS/tasks.o
 .sbss.xTickCount
                0x0000000020000178        0x4 ./FreeRTOS/tasks.o
 .sbss.xYieldPending
                0x000000002000017c        0x4 ./FreeRTOS/tasks.o
 .sbss.pxCurrentTimerList
                0x0000000020000180        0x4 ./FreeRTOS/timers.o
 .sbss.pxOverflowTimerList
                0x0000000020000184        0x4 ./FreeRTOS/timers.o
 .sbss.xLastTime.6270
                0x0000000020000188        0x4 ./FreeRTOS/timers.o
 .sbss.xTimerQueue
                0x000000002000018c        0x4 ./FreeRTOS/timers.o
 .sbss.xTimerTaskHandle
                0x0000000020000190        0x4 ./FreeRTOS/timers.o
 .sbss.p_ms     0x0000000020000194        0x2 ./Debug/debug.o
 .sbss.p_us     0x0000000020000196        0x1 ./Debug/debug.o
 *fill*         0x0000000020000197        0x1 
 .sbss.__malloc_free_list
                0x0000000020000198        0x4 d:/mounriver/mounriver_studio/toolchain/risc-v embedded gcc/bin/../lib/gcc/riscv-none-embed/8.2.0/../../../../riscv-none-embed/lib/rv32imacxw/ilp32\libg_nano.a(lib_a-nano-mallocr.o)
                0x0000000020000198                __malloc_free_list
 .sbss.__malloc_sbrk_start
                0x000000002000019c        0x4 d:/mounriver/mounriver_studio/toolchain/risc-v embedded gcc/bin/../lib/gcc/riscv-none-embed/8.2.0/../../../../riscv-none-embed/lib/rv32imacxw/ilp32\libg_nano.a(lib_a-nano-mallocr.o)
                0x000000002000019c                __malloc_sbrk_start
 *(.gnu.linkonce.sb.*)
 *(.bss*)
 .bss.U1_RxBuffer
                0x00000000200001a0       0x40 ./User/ch32v30x_it.o
                0x00000000200001a0                U1_RxBuffer
 .bss.Key       0x00000000200001e0        0xc ./User/key_func.o
                0x00000000200001e0                Key
 .bss.order_buffer
                0x00000000200001ec       0x64 ./User/main.o
                0x00000000200001ec                order_buffer
 .bss.ucHeap    0x0000000020000250     0x3000 ./FreeRTOS/portable/MemMang/heap_4.o
 .bss.xQueueRegistry
                0x0000000020003250       0x40 ./FreeRTOS/queue.o
                0x0000000020003250                xQueueRegistry
 .bss.pxReadyTasksLists
                0x0000000020003290      0x12c ./FreeRTOS/tasks.o
 .bss.xDelayedTaskList1
                0x00000000200033bc       0x14 ./FreeRTOS/tasks.o
 .bss.xDelayedTaskList2
                0x00000000200033d0       0x14 ./FreeRTOS/tasks.o
 .bss.xPendingReadyList
                0x00000000200033e4       0x14 ./FreeRTOS/tasks.o
 .bss.xSuspendedTaskList
                0x00000000200033f8       0x14 ./FreeRTOS/tasks.o
 .bss.xTasksWaitingTermination
                0x000000002000340c       0x14 ./FreeRTOS/tasks.o
 .bss.xActiveTimerList1
                0x0000000020003420       0x14 ./FreeRTOS/timers.o
 .bss.xActiveTimerList2
                0x0000000020003434       0x14 ./FreeRTOS/timers.o
 *(.gnu.linkonce.b.*)
 *(COMMON*)
 COMMON         0x0000000020003448        0x4 d:/mounriver/mounriver_studio/toolchain/risc-v embedded gcc/bin/../lib/gcc/riscv-none-embed/8.2.0/../../../../riscv-none-embed/lib/rv32imacxw/ilp32\libg_nano.a(lib_a-reent.o)
                0x0000000020003448                errno
                0x000000002000344c                . = ALIGN (0x4)
                0x000000002000344c                PROVIDE (_ebss = .)
                0x000000002000344c                PROVIDE (_end = _ebss)
                [!provide]                        PROVIDE (end = .)

.stack          0x0000000020007800      0x800
                0x0000000020007800                PROVIDE (_heap_end = .)
                0x0000000020007800                . = ALIGN (0x4)
                [!provide]                        PROVIDE (_susrstack = .)
                0x0000000020008000                . = (. + __stack_size)
 *fill*         0x0000000020007800      0x800 
                0x0000000020008000                PROVIDE (_eusrstack = .)
                0x0000000020008000                __freertos_irq_stack_top = .
OUTPUT(main_control.elf elf32-littleriscv)

.debug_info     0x0000000000000000    0x1b308
 .debug_info    0x0000000000000000     0x12a6 ./User/can.o
 .debug_info    0x00000000000012a6      0xb9b ./User/ch32v30x_it.o
 .debug_info    0x0000000000001e41      0xb2e ./User/gpio.o
 .debug_info    0x000000000000296f      0xb8b ./User/key_func.o
 .debug_info    0x00000000000034fa      0xd0d ./User/leddrive.o
 .debug_info    0x0000000000004207     0x104f ./User/main.o
 .debug_info    0x0000000000005256      0xb89 ./User/system_ch32v30x.o
 .debug_info    0x0000000000005ddf     0x1224 ./User/uart.o
 .debug_info    0x0000000000007003       0x22 ./Startup/startup_ch32v30x_D8C.o
 .debug_info    0x0000000000007025     0x1807 ./Peripheral/src/ch32v30x_can.o
 .debug_info    0x000000000000882c      0xa94 ./Peripheral/src/ch32v30x_dbgmcu.o
 .debug_info    0x00000000000092c0      0xd16 ./Peripheral/src/ch32v30x_dma.o
 .debug_info    0x0000000000009fd6     0x1093 ./Peripheral/src/ch32v30x_gpio.o
 .debug_info    0x000000000000b069      0xf72 ./Peripheral/src/ch32v30x_misc.o
 .debug_info    0x000000000000bfdb     0x156e ./Peripheral/src/ch32v30x_rcc.o
 .debug_info    0x000000000000d549     0x1420 ./Peripheral/src/ch32v30x_usart.o
 .debug_info    0x000000000000e969      0xe5c ./FreeRTOS/portable/MemMang/heap_4.o
 .debug_info    0x000000000000f7c5     0x118c ./FreeRTOS/portable/GCC/RISC-V/port.o
 .debug_info    0x0000000000010951       0x26 ./FreeRTOS/portable/GCC/RISC-V/portASM.o
 .debug_info    0x0000000000010977      0xb80 ./FreeRTOS/list.o
 .debug_info    0x00000000000114f7     0x30eb ./FreeRTOS/queue.o
 .debug_info    0x00000000000145e2     0x3c91 ./FreeRTOS/tasks.o
 .debug_info    0x0000000000018273     0x2179 ./FreeRTOS/timers.o
 .debug_info    0x000000000001a3ec      0xf1c ./Debug/debug.o

.debug_abbrev   0x0000000000000000     0x46d1
 .debug_abbrev  0x0000000000000000      0x2f1 ./User/can.o
 .debug_abbrev  0x00000000000002f1      0x281 ./User/ch32v30x_it.o
 .debug_abbrev  0x0000000000000572      0x260 ./User/gpio.o
 .debug_abbrev  0x00000000000007d2      0x302 ./User/key_func.o
 .debug_abbrev  0x0000000000000ad4      0x2ff ./User/leddrive.o
 .debug_abbrev  0x0000000000000dd3      0x2c4 ./User/main.o
 .debug_abbrev  0x0000000000001097      0x2c0 ./User/system_ch32v30x.o
 .debug_abbrev  0x0000000000001357      0x2b9 ./User/uart.o
 .debug_abbrev  0x0000000000001610       0x12 ./Startup/startup_ch32v30x_D8C.o
 .debug_abbrev  0x0000000000001622      0x3eb ./Peripheral/src/ch32v30x_can.o
 .debug_abbrev  0x0000000000001a0d      0x2f7 ./Peripheral/src/ch32v30x_dbgmcu.o
 .debug_abbrev  0x0000000000001d04      0x2fd ./Peripheral/src/ch32v30x_dma.o
 .debug_abbrev  0x0000000000002001      0x309 ./Peripheral/src/ch32v30x_gpio.o
 .debug_abbrev  0x000000000000230a      0x2fb ./Peripheral/src/ch32v30x_misc.o
 .debug_abbrev  0x0000000000002605      0x351 ./Peripheral/src/ch32v30x_rcc.o
 .debug_abbrev  0x0000000000002956      0x312 ./Peripheral/src/ch32v30x_usart.o
 .debug_abbrev  0x0000000000002c68      0x36c ./FreeRTOS/portable/MemMang/heap_4.o
 .debug_abbrev  0x0000000000002fd4      0x3bc ./FreeRTOS/portable/GCC/RISC-V/port.o
 .debug_abbrev  0x0000000000003390       0x14 ./FreeRTOS/portable/GCC/RISC-V/portASM.o
 .debug_abbrev  0x00000000000033a4      0x254 ./FreeRTOS/list.o
 .debug_abbrev  0x00000000000035f8      0x461 ./FreeRTOS/queue.o
 .debug_abbrev  0x0000000000003a59      0x545 ./FreeRTOS/tasks.o
 .debug_abbrev  0x0000000000003f9e      0x43a ./FreeRTOS/timers.o
 .debug_abbrev  0x00000000000043d8      0x2f9 ./Debug/debug.o

.debug_loc      0x0000000000000000     0x801a
 .debug_loc     0x0000000000000000      0x15a ./User/can.o
 .debug_loc     0x000000000000015a       0x7d ./User/key_func.o
 .debug_loc     0x00000000000001d7      0x387 ./User/leddrive.o
 .debug_loc     0x000000000000055e      0x185 ./User/main.o
 .debug_loc     0x00000000000006e3       0xda ./User/system_ch32v30x.o
 .debug_loc     0x00000000000007bd       0x1e ./User/uart.o
 .debug_loc     0x00000000000007db      0x999 ./Peripheral/src/ch32v30x_can.o
 .debug_loc     0x0000000000001174       0x7c ./Peripheral/src/ch32v30x_dbgmcu.o
 .debug_loc     0x00000000000011f0      0x19a ./Peripheral/src/ch32v30x_dma.o
 .debug_loc     0x000000000000138a      0x657 ./Peripheral/src/ch32v30x_gpio.o
 .debug_loc     0x00000000000019e1       0xce ./Peripheral/src/ch32v30x_misc.o
 .debug_loc     0x0000000000001aaf      0xadb ./Peripheral/src/ch32v30x_rcc.o
 .debug_loc     0x000000000000258a      0x7bb ./Peripheral/src/ch32v30x_usart.o
 .debug_loc     0x0000000000002d45      0x330 ./FreeRTOS/portable/MemMang/heap_4.o
 .debug_loc     0x0000000000003075       0xad ./FreeRTOS/portable/GCC/RISC-V/port.o
 .debug_loc     0x0000000000003122       0x94 ./FreeRTOS/list.o
 .debug_loc     0x00000000000031b6     0x1b0a ./FreeRTOS/queue.o
 .debug_loc     0x0000000000004cc0     0x2386 ./FreeRTOS/tasks.o
 .debug_loc     0x0000000000007046      0xe5d ./FreeRTOS/timers.o
 .debug_loc     0x0000000000007ea3      0x177 ./Debug/debug.o

.debug_aranges  0x0000000000000000      0xb58
 .debug_aranges
                0x0000000000000000       0x30 ./User/can.o
 .debug_aranges
                0x0000000000000030       0x30 ./User/ch32v30x_it.o
 .debug_aranges
                0x0000000000000060       0x20 ./User/gpio.o
 .debug_aranges
                0x0000000000000080       0x30 ./User/key_func.o
 .debug_aranges
                0x00000000000000b0       0x30 ./User/leddrive.o
 .debug_aranges
                0x00000000000000e0       0x40 ./User/main.o
 .debug_aranges
                0x0000000000000120       0x28 ./User/system_ch32v30x.o
 .debug_aranges
                0x0000000000000148       0x28 ./User/uart.o
 .debug_aranges
                0x0000000000000170       0x30 ./Startup/startup_ch32v30x_D8C.o
 .debug_aranges
                0x00000000000001a0       0xd8 ./Peripheral/src/ch32v30x_can.o
 .debug_aranges
                0x0000000000000278       0x48 ./Peripheral/src/ch32v30x_dbgmcu.o
 .debug_aranges
                0x00000000000002c0       0x60 ./Peripheral/src/ch32v30x_dma.o
 .debug_aranges
                0x0000000000000320       0xa8 ./Peripheral/src/ch32v30x_gpio.o
 .debug_aranges
                0x00000000000003c8       0x28 ./Peripheral/src/ch32v30x_misc.o
 .debug_aranges
                0x00000000000003f0      0x1a8 ./Peripheral/src/ch32v30x_rcc.o
 .debug_aranges
                0x0000000000000598      0x100 ./Peripheral/src/ch32v30x_usart.o
 .debug_aranges
                0x0000000000000698       0x50 ./FreeRTOS/portable/MemMang/heap_4.o
 .debug_aranges
                0x00000000000006e8       0x58 ./FreeRTOS/portable/GCC/RISC-V/port.o
 .debug_aranges
                0x0000000000000740       0x20 ./FreeRTOS/portable/GCC/RISC-V/portASM.o
 .debug_aranges
                0x0000000000000760       0x40 ./FreeRTOS/list.o
 .debug_aranges
                0x00000000000007a0      0x108 ./FreeRTOS/queue.o
 .debug_aranges
                0x00000000000008a8      0x1b0 ./FreeRTOS/tasks.o
 .debug_aranges
                0x0000000000000a58       0xb8 ./FreeRTOS/timers.o
 .debug_aranges
                0x0000000000000b10       0x48 ./Debug/debug.o

.debug_ranges   0x0000000000000000     0x1028
 .debug_ranges  0x0000000000000000       0x20 ./User/can.o
 .debug_ranges  0x0000000000000020       0x20 ./User/ch32v30x_it.o
 .debug_ranges  0x0000000000000040       0x10 ./User/gpio.o
 .debug_ranges  0x0000000000000050       0x20 ./User/key_func.o
 .debug_ranges  0x0000000000000070       0x38 ./User/leddrive.o
 .debug_ranges  0x00000000000000a8       0xd8 ./User/main.o
 .debug_ranges  0x0000000000000180       0x38 ./User/system_ch32v30x.o
 .debug_ranges  0x00000000000001b8       0x18 ./User/uart.o
 .debug_ranges  0x00000000000001d0       0x28 ./Startup/startup_ch32v30x_D8C.o
 .debug_ranges  0x00000000000001f8       0xf8 ./Peripheral/src/ch32v30x_can.o
 .debug_ranges  0x00000000000002f0       0x50 ./Peripheral/src/ch32v30x_dbgmcu.o
 .debug_ranges  0x0000000000000340       0x50 ./Peripheral/src/ch32v30x_dma.o
 .debug_ranges  0x0000000000000390       0x98 ./Peripheral/src/ch32v30x_gpio.o
 .debug_ranges  0x0000000000000428       0x48 ./Peripheral/src/ch32v30x_misc.o
 .debug_ranges  0x0000000000000470      0x198 ./Peripheral/src/ch32v30x_rcc.o
 .debug_ranges  0x0000000000000608       0xf0 ./Peripheral/src/ch32v30x_usart.o
 .debug_ranges  0x00000000000006f8       0x40 ./FreeRTOS/portable/MemMang/heap_4.o
 .debug_ranges  0x0000000000000738       0x60 ./FreeRTOS/portable/GCC/RISC-V/port.o
 .debug_ranges  0x0000000000000798       0x30 ./FreeRTOS/list.o
 .debug_ranges  0x00000000000007c8      0x2c8 ./FreeRTOS/queue.o
 .debug_ranges  0x0000000000000a90      0x410 ./FreeRTOS/tasks.o
 .debug_ranges  0x0000000000000ea0      0x150 ./FreeRTOS/timers.o
 .debug_ranges  0x0000000000000ff0       0x38 ./Debug/debug.o

.debug_line     0x0000000000000000    0x15316
 .debug_line    0x0000000000000000      0x7c0 ./User/can.o
 .debug_line    0x00000000000007c0      0x407 ./User/ch32v30x_it.o
 .debug_line    0x0000000000000bc7      0x391 ./User/gpio.o
 .debug_line    0x0000000000000f58      0x4c3 ./User/key_func.o
 .debug_line    0x000000000000141b      0x4fb ./User/leddrive.o
 .debug_line    0x0000000000001916      0x9dc ./User/main.o
 .debug_line    0x00000000000022f2      0x74e ./User/system_ch32v30x.o
 .debug_line    0x0000000000002a40      0x5d3 ./User/uart.o
 .debug_line    0x0000000000003013      0x356 ./Startup/startup_ch32v30x_D8C.o
 .debug_line    0x0000000000003369     0x1a28 ./Peripheral/src/ch32v30x_can.o
 .debug_line    0x0000000000004d91      0x37b ./Peripheral/src/ch32v30x_dbgmcu.o
 .debug_line    0x000000000000510c      0x9cc ./Peripheral/src/ch32v30x_dma.o
 .debug_line    0x0000000000005ad8      0xd69 ./Peripheral/src/ch32v30x_gpio.o
 .debug_line    0x0000000000006841      0x4cc ./Peripheral/src/ch32v30x_misc.o
 .debug_line    0x0000000000006d0d     0x1984 ./Peripheral/src/ch32v30x_rcc.o
 .debug_line    0x0000000000008691     0x1022 ./Peripheral/src/ch32v30x_usart.o
 .debug_line    0x00000000000096b3      0xc53 ./FreeRTOS/portable/MemMang/heap_4.o
 .debug_line    0x000000000000a306      0x780 ./FreeRTOS/portable/GCC/RISC-V/port.o
 .debug_line    0x000000000000aa86      0x374 ./FreeRTOS/portable/GCC/RISC-V/portASM.o
 .debug_line    0x000000000000adfa      0x66e ./FreeRTOS/list.o
 .debug_line    0x000000000000b468     0x319b ./FreeRTOS/queue.o
 .debug_line    0x000000000000e603     0x5021 ./FreeRTOS/tasks.o
 .debug_line    0x0000000000013624     0x15f4 ./FreeRTOS/timers.o
 .debug_line    0x0000000000014c18      0x6fe ./Debug/debug.o

.debug_str      0x0000000000000000     0x44c6
 .debug_str     0x0000000000000000      0xa79 ./User/can.o
                                        0xb0f (size before relaxing)
 .debug_str     0x0000000000000a79       0xce ./User/ch32v30x_it.o
                                        0x6b9 (size before relaxing)
 .debug_str     0x0000000000000b47       0x33 ./User/gpio.o
                                        0x728 (size before relaxing)
 .debug_str     0x0000000000000b7a       0xbf ./User/key_func.o
                                        0x6a6 (size before relaxing)
 .debug_str     0x0000000000000c39       0xdd ./User/leddrive.o
                                        0x6c2 (size before relaxing)
 .debug_str     0x0000000000000d16      0x1b6 ./User/main.o
                                        0x80a (size before relaxing)
 .debug_str     0x0000000000000ecc       0xf5 ./User/system_ch32v30x.o
                                        0x6c7 (size before relaxing)
 .debug_str     0x0000000000000fc1      0x7a4 ./User/uart.o
                                        0xf84 (size before relaxing)
 .debug_str     0x0000000000001765       0x2e ./Startup/startup_ch32v30x_D8C.o
                                         0x65 (size before relaxing)
 .debug_str     0x0000000000001793      0x2c7 ./Peripheral/src/ch32v30x_can.o
                                        0xbb6 (size before relaxing)
 .debug_str     0x0000000000001a5a       0x7e ./Peripheral/src/ch32v30x_dbgmcu.o
                                        0x641 (size before relaxing)
 .debug_str     0x0000000000001ad8      0x11a ./Peripheral/src/ch32v30x_dma.o
                                        0x7ee (size before relaxing)
 .debug_str     0x0000000000001bf2      0x202 ./Peripheral/src/ch32v30x_gpio.o
                                        0x96c (size before relaxing)
 .debug_str     0x0000000000001df4      0x104 ./Peripheral/src/ch32v30x_misc.o
                                        0xcc6 (size before relaxing)
 .debug_str     0x0000000000001ef8      0x587 ./Peripheral/src/ch32v30x_rcc.o
                                        0xcc5 (size before relaxing)
 .debug_str     0x000000000000247f      0x341 ./Peripheral/src/ch32v30x_usart.o
                                        0xb12 (size before relaxing)
 .debug_str     0x00000000000027c0      0x327 ./FreeRTOS/portable/MemMang/heap_4.o
                                        0x8cf (size before relaxing)
 .debug_str     0x0000000000002ae7      0x147 ./FreeRTOS/portable/GCC/RISC-V/port.o
                                        0xd58 (size before relaxing)
 .debug_str     0x0000000000002c2e       0x2a ./FreeRTOS/portable/GCC/RISC-V/portASM.o
                                         0x6d (size before relaxing)
 .debug_str     0x0000000000002c58      0x125 ./FreeRTOS/list.o
                                        0x6d9 (size before relaxing)
 .debug_str     0x0000000000002d7d      0x7a6 ./FreeRTOS/queue.o
                                       0x1529 (size before relaxing)
 .debug_str     0x0000000000003523      0xa69 ./FreeRTOS/tasks.o
                                       0x1a6b (size before relaxing)
 .debug_str     0x0000000000003f8c      0x4d5 ./FreeRTOS/timers.o
                                       0x1368 (size before relaxing)
 .debug_str     0x0000000000004461       0x65 ./Debug/debug.o
                                        0x8fa (size before relaxing)

.comment        0x0000000000000000       0x33
 .comment       0x0000000000000000       0x33 ./User/can.o
                                         0x34 (size before relaxing)
 .comment       0x0000000000000033       0x34 ./User/ch32v30x_it.o
 .comment       0x0000000000000033       0x34 ./User/gpio.o
 .comment       0x0000000000000033       0x34 ./User/key_func.o
 .comment       0x0000000000000033       0x34 ./User/leddrive.o
 .comment       0x0000000000000033       0x34 ./User/main.o
 .comment       0x0000000000000033       0x34 ./User/system_ch32v30x.o
 .comment       0x0000000000000033       0x34 ./User/uart.o
 .comment       0x0000000000000033       0x34 ./Peripheral/src/ch32v30x_can.o
 .comment       0x0000000000000033       0x34 ./Peripheral/src/ch32v30x_dbgmcu.o
 .comment       0x0000000000000033       0x34 ./Peripheral/src/ch32v30x_dma.o
 .comment       0x0000000000000033       0x34 ./Peripheral/src/ch32v30x_gpio.o
 .comment       0x0000000000000033       0x34 ./Peripheral/src/ch32v30x_misc.o
 .comment       0x0000000000000033       0x34 ./Peripheral/src/ch32v30x_rcc.o
 .comment       0x0000000000000033       0x34 ./Peripheral/src/ch32v30x_usart.o
 .comment       0x0000000000000033       0x34 ./FreeRTOS/portable/MemMang/heap_4.o
 .comment       0x0000000000000033       0x34 ./FreeRTOS/portable/GCC/RISC-V/port.o
 .comment       0x0000000000000033       0x34 ./FreeRTOS/list.o
 .comment       0x0000000000000033       0x34 ./FreeRTOS/queue.o
 .comment       0x0000000000000033       0x34 ./FreeRTOS/tasks.o
 .comment       0x0000000000000033       0x34 ./FreeRTOS/timers.o
 .comment       0x0000000000000033       0x34 ./Debug/debug.o

.debug_frame    0x0000000000000000     0x2634
 .debug_frame   0x0000000000000000       0x98 ./User/can.o
 .debug_frame   0x0000000000000098       0x50 ./User/ch32v30x_it.o
 .debug_frame   0x00000000000000e8       0x38 ./User/gpio.o
 .debug_frame   0x0000000000000120       0x64 ./User/key_func.o
 .debug_frame   0x0000000000000184       0x74 ./User/leddrive.o
 .debug_frame   0x00000000000001f8       0xac ./User/main.o
 .debug_frame   0x00000000000002a4       0x3c ./User/system_ch32v30x.o
 .debug_frame   0x00000000000002e0       0x60 ./User/uart.o
 .debug_frame   0x0000000000000340      0x19c ./Peripheral/src/ch32v30x_can.o
 .debug_frame   0x00000000000004dc       0x70 ./Peripheral/src/ch32v30x_dbgmcu.o
 .debug_frame   0x000000000000054c       0xd8 ./Peripheral/src/ch32v30x_dma.o
 .debug_frame   0x0000000000000624      0x148 ./Peripheral/src/ch32v30x_gpio.o
 .debug_frame   0x000000000000076c       0x30 ./Peripheral/src/ch32v30x_misc.o
 .debug_frame   0x000000000000079c      0x344 ./Peripheral/src/ch32v30x_rcc.o
 .debug_frame   0x0000000000000ae0      0x204 ./Peripheral/src/ch32v30x_usart.o
 .debug_frame   0x0000000000000ce4       0xc8 ./FreeRTOS/portable/MemMang/heap_4.o
 .debug_frame   0x0000000000000dac       0xac ./FreeRTOS/portable/GCC/RISC-V/port.o
 .debug_frame   0x0000000000000e58       0x60 ./FreeRTOS/list.o
 .debug_frame   0x0000000000000eb8      0x48c ./FreeRTOS/queue.o
 .debug_frame   0x0000000000001344      0x678 ./FreeRTOS/tasks.o
 .debug_frame   0x00000000000019bc      0x2a8 ./FreeRTOS/timers.o
 .debug_frame   0x0000000000001c64       0x9c ./Debug/debug.o
 .debug_frame   0x0000000000001d00       0x20 d:/mounriver/mounriver_studio/toolchain/risc-v embedded gcc/bin/../lib/gcc/riscv-none-embed/8.2.0/../../../../riscv-none-embed/lib/rv32imacxw/ilp32\libg_nano.a(lib_a-memcpy.o)
 .debug_frame   0x0000000000001d20       0x54 d:/mounriver/mounriver_studio/toolchain/risc-v embedded gcc/bin/../lib/gcc/riscv-none-embed/8.2.0/../../../../riscv-none-embed/lib/rv32imacxw/ilp32\libg_nano.a(lib_a-printf.o)
 .debug_frame   0x0000000000001d74       0x54 d:/mounriver/mounriver_studio/toolchain/risc-v embedded gcc/bin/../lib/gcc/riscv-none-embed/8.2.0/../../../../riscv-none-embed/lib/rv32imacxw/ilp32\libg_nano.a(lib_a-puts.o)
 .debug_frame   0x0000000000001dc8       0x50 d:/mounriver/mounriver_studio/toolchain/risc-v embedded gcc/bin/../lib/gcc/riscv-none-embed/8.2.0/../../../../riscv-none-embed/lib/rv32imacxw/ilp32\libg_nano.a(lib_a-wbuf.o)
 .debug_frame   0x0000000000001e18       0x3c d:/mounriver/mounriver_studio/toolchain/risc-v embedded gcc/bin/../lib/gcc/riscv-none-embed/8.2.0/../../../../riscv-none-embed/lib/rv32imacxw/ilp32\libg_nano.a(lib_a-wsetup.o)
 .debug_frame   0x0000000000001e54       0x7c d:/mounriver/mounriver_studio/toolchain/risc-v embedded gcc/bin/../lib/gcc/riscv-none-embed/8.2.0/../../../../riscv-none-embed/lib/rv32imacxw/ilp32\libg_nano.a(lib_a-fflush.o)
 .debug_frame   0x0000000000001ed0      0x148 d:/mounriver/mounriver_studio/toolchain/risc-v embedded gcc/bin/../lib/gcc/riscv-none-embed/8.2.0/../../../../riscv-none-embed/lib/rv32imacxw/ilp32\libg_nano.a(lib_a-findfp.o)
 .debug_frame   0x0000000000002018       0x88 d:/mounriver/mounriver_studio/toolchain/risc-v embedded gcc/bin/../lib/gcc/riscv-none-embed/8.2.0/../../../../riscv-none-embed/lib/rv32imacxw/ilp32\libg_nano.a(lib_a-fwalk.o)
 .debug_frame   0x00000000000020a0       0x64 d:/mounriver/mounriver_studio/toolchain/risc-v embedded gcc/bin/../lib/gcc/riscv-none-embed/8.2.0/../../../../riscv-none-embed/lib/rv32imacxw/ilp32\libg_nano.a(lib_a-makebuf.o)
 .debug_frame   0x0000000000002104       0x40 d:/mounriver/mounriver_studio/toolchain/risc-v embedded gcc/bin/../lib/gcc/riscv-none-embed/8.2.0/../../../../riscv-none-embed/lib/rv32imacxw/ilp32\libg_nano.a(lib_a-nano-freer.o)
 .debug_frame   0x0000000000002144       0x40 d:/mounriver/mounriver_studio/toolchain/risc-v embedded gcc/bin/../lib/gcc/riscv-none-embed/8.2.0/../../../../riscv-none-embed/lib/rv32imacxw/ilp32\libg_nano.a(lib_a-nano-mallocr.o)
 .debug_frame   0x0000000000002184       0xd0 d:/mounriver/mounriver_studio/toolchain/risc-v embedded gcc/bin/../lib/gcc/riscv-none-embed/8.2.0/../../../../riscv-none-embed/lib/rv32imacxw/ilp32\libg_nano.a(lib_a-nano-vfprintf.o)
 .debug_frame   0x0000000000002254       0x8c d:/mounriver/mounriver_studio/toolchain/risc-v embedded gcc/bin/../lib/gcc/riscv-none-embed/8.2.0/../../../../riscv-none-embed/lib/rv32imacxw/ilp32\libg_nano.a(lib_a-nano-vfprintf_i.o)
 .debug_frame   0x00000000000022e0       0x30 d:/mounriver/mounriver_studio/toolchain/risc-v embedded gcc/bin/../lib/gcc/riscv-none-embed/8.2.0/../../../../riscv-none-embed/lib/rv32imacxw/ilp32\libg_nano.a(lib_a-sbrkr.o)
 .debug_frame   0x0000000000002310       0xa4 d:/mounriver/mounriver_studio/toolchain/risc-v embedded gcc/bin/../lib/gcc/riscv-none-embed/8.2.0/../../../../riscv-none-embed/lib/rv32imacxw/ilp32\libg_nano.a(lib_a-stdio.o)
 .debug_frame   0x00000000000023b4       0x30 d:/mounriver/mounriver_studio/toolchain/risc-v embedded gcc/bin/../lib/gcc/riscv-none-embed/8.2.0/../../../../riscv-none-embed/lib/rv32imacxw/ilp32\libg_nano.a(lib_a-writer.o)
 .debug_frame   0x00000000000023e4       0x30 d:/mounriver/mounriver_studio/toolchain/risc-v embedded gcc/bin/../lib/gcc/riscv-none-embed/8.2.0/../../../../riscv-none-embed/lib/rv32imacxw/ilp32\libg_nano.a(lib_a-closer.o)
 .debug_frame   0x0000000000002414       0x30 d:/mounriver/mounriver_studio/toolchain/risc-v embedded gcc/bin/../lib/gcc/riscv-none-embed/8.2.0/../../../../riscv-none-embed/lib/rv32imacxw/ilp32\libg_nano.a(lib_a-fstatr.o)
 .debug_frame   0x0000000000002444       0x30 d:/mounriver/mounriver_studio/toolchain/risc-v embedded gcc/bin/../lib/gcc/riscv-none-embed/8.2.0/../../../../riscv-none-embed/lib/rv32imacxw/ilp32\libg_nano.a(lib_a-isattyr.o)
 .debug_frame   0x0000000000002474       0x30 d:/mounriver/mounriver_studio/toolchain/risc-v embedded gcc/bin/../lib/gcc/riscv-none-embed/8.2.0/../../../../riscv-none-embed/lib/rv32imacxw/ilp32\libg_nano.a(lib_a-lseekr.o)
 .debug_frame   0x00000000000024a4       0x20 d:/mounriver/mounriver_studio/toolchain/risc-v embedded gcc/bin/../lib/gcc/riscv-none-embed/8.2.0/../../../../riscv-none-embed/lib/rv32imacxw/ilp32\libg_nano.a(lib_a-memchr.o)
 .debug_frame   0x00000000000024c4       0x30 d:/mounriver/mounriver_studio/toolchain/risc-v embedded gcc/bin/../lib/gcc/riscv-none-embed/8.2.0/../../../../riscv-none-embed/lib/rv32imacxw/ilp32\libg_nano.a(lib_a-mlock.o)
 .debug_frame   0x00000000000024f4       0x30 d:/mounriver/mounriver_studio/toolchain/risc-v embedded gcc/bin/../lib/gcc/riscv-none-embed/8.2.0/../../../../riscv-none-embed/lib/rv32imacxw/ilp32\libg_nano.a(lib_a-readr.o)
 .debug_frame   0x0000000000002524       0x70 d:/mounriver/mounriver_studio/toolchain/risc-v embedded gcc/bin/../lib/gcc/riscv-none-embed/8.2.0/../../../../riscv-none-embed/lib/rv32imacxw/ilp32\libg_nano.a(lib_a-reent.o)
 .debug_frame   0x0000000000002594       0x20 d:/mounriver/mounriver_studio/toolchain/risc-v embedded gcc/bin/../lib/gcc/riscv-none-embed/8.2.0/../../../../riscv-none-embed/lib/rv32imacxw/ilp32\libnosys.a(close.o)
 .debug_frame   0x00000000000025b4       0x20 d:/mounriver/mounriver_studio/toolchain/risc-v embedded gcc/bin/../lib/gcc/riscv-none-embed/8.2.0/../../../../riscv-none-embed/lib/rv32imacxw/ilp32\libnosys.a(fstat.o)
 .debug_frame   0x00000000000025d4       0x20 d:/mounriver/mounriver_studio/toolchain/risc-v embedded gcc/bin/../lib/gcc/riscv-none-embed/8.2.0/../../../../riscv-none-embed/lib/rv32imacxw/ilp32\libnosys.a(isatty.o)
 .debug_frame   0x00000000000025f4       0x20 d:/mounriver/mounriver_studio/toolchain/risc-v embedded gcc/bin/../lib/gcc/riscv-none-embed/8.2.0/../../../../riscv-none-embed/lib/rv32imacxw/ilp32\libnosys.a(lseek.o)
 .debug_frame   0x0000000000002614       0x20 d:/mounriver/mounriver_studio/toolchain/risc-v embedded gcc/bin/../lib/gcc/riscv-none-embed/8.2.0/../../../../riscv-none-embed/lib/rv32imacxw/ilp32\libnosys.a(read.o)

.stab           0x0000000000000000       0x84
 .stab          0x0000000000000000       0x24 d:/mounriver/mounriver_studio/toolchain/risc-v embedded gcc/bin/../lib/gcc/riscv-none-embed/8.2.0/../../../../riscv-none-embed/lib/rv32imacxw/ilp32\libnosys.a(close.o)
 .stab          0x0000000000000024       0x18 d:/mounriver/mounriver_studio/toolchain/risc-v embedded gcc/bin/../lib/gcc/riscv-none-embed/8.2.0/../../../../riscv-none-embed/lib/rv32imacxw/ilp32\libnosys.a(fstat.o)
                                         0x24 (size before relaxing)
 .stab          0x000000000000003c       0x18 d:/mounriver/mounriver_studio/toolchain/risc-v embedded gcc/bin/../lib/gcc/riscv-none-embed/8.2.0/../../../../riscv-none-embed/lib/rv32imacxw/ilp32\libnosys.a(isatty.o)
                                         0x24 (size before relaxing)
 .stab          0x0000000000000054       0x18 d:/mounriver/mounriver_studio/toolchain/risc-v embedded gcc/bin/../lib/gcc/riscv-none-embed/8.2.0/../../../../riscv-none-embed/lib/rv32imacxw/ilp32\libnosys.a(lseek.o)
                                         0x24 (size before relaxing)
 .stab          0x000000000000006c       0x18 d:/mounriver/mounriver_studio/toolchain/risc-v embedded gcc/bin/../lib/gcc/riscv-none-embed/8.2.0/../../../../riscv-none-embed/lib/rv32imacxw/ilp32\libnosys.a(read.o)
                                         0x24 (size before relaxing)

.stabstr        0x0000000000000000      0x117
 .stabstr       0x0000000000000000      0x117 d:/mounriver/mounriver_studio/toolchain/risc-v embedded gcc/bin/../lib/gcc/riscv-none-embed/8.2.0/../../../../riscv-none-embed/lib/rv32imacxw/ilp32\libnosys.a(close.o)
